---
# Source: minio/charts/minio/templates/serviceaccount.yaml
apiVersion: v1
kind: ServiceAccount
metadata:
  name: "minio-sa"
  namespace: "default"
---
# Source: minio/templates/post-install-prometheus-metrics-serviceaccount.yaml
apiVersion: v1
kind: ServiceAccount
metadata:
  name: RELEASE-NAME-minio-update-prometheus-secret
  labels:
    app: minio-update-prometheus-secret
    chart: minio-8.0.10
    release: RELEASE-NAME
    heritage: Helm
---
# Source: minio/templates/serviceaccount.yaml
apiVersion: v1
kind: ServiceAccount
metadata:
  name: "RELEASE-NAME-minio"
  namespace: "default"
  labels:
    app: minio
    chart: minio-8.0.10
    release: "RELEASE-NAME"
---
# Source: minio/charts/minio/templates/secrets.yaml
apiVersion: v1
kind: Secret
metadata:
  name: RELEASE-NAME-minio
  namespace: "default"
  labels:
    app: minio
    chart: minio-3.6.5
    release: RELEASE-NAME
    heritage: Helm
type: Opaque
data:
  rootUser: "dEZ4RU11bTQzUVdSelVyQm9wVUE="
  rootPassword: "VG10dWV2NDFLZ3B3NG1URnRaTEx0Z0UxNU1aTVVIUnM4dzd6ejlFMQ=="
---
# Source: minio/templates/secrets.yaml
apiVersion: v1
kind: Secret
metadata:
  name: RELEASE-NAME-minio
  labels:
    app: minio
    chart: minio-8.0.10
    release: RELEASE-NAME
    heritage: Helm
type: Opaque
data:
  accesskey: "cW5HNW9JWEVneXhxZ3poSVBBQmQ="
  secretkey: "T0hoUjNkYVZ3VWR5clRHNm9FUGtoVW5mRXJiajZOeFFmR3lsVzg2NA=="
---
# Source: minio/charts/minio/templates/configmap.yaml
apiVersion: v1
kind: ConfigMap
metadata:
  name: RELEASE-NAME-minio
  namespace: "default"
  labels:
    app: minio
    chart: minio-3.6.5
    release: RELEASE-NAME
    heritage: Helm
data:
  initialize: |-
    #!/bin/sh
    set -e ; # Have script exit in the event of a failed command.
    MC_CONFIG_DIR="/etc/minio/mc/"
    MC="/usr/bin/mc --insecure --config-dir ${MC_CONFIG_DIR}"
    
    # connectToMinio
    # Use a check-sleep-check loop to wait for MinIO service to be available
    connectToMinio() {
      SCHEME=$1
      ATTEMPTS=0 ; LIMIT=29 ; # Allow 30 attempts
      set -e ; # fail if we can't read the keys.
      ACCESS=$(cat /config/rootUser) ; SECRET=$(cat /config/rootPassword) ;
      set +e ; # The connections to minio are allowed to fail.
      echo "Connecting to MinIO server: $SCHEME://$MINIO_ENDPOINT:$MINIO_PORT" ;
      MC_COMMAND="${MC} alias set myminio $SCHEME://$MINIO_ENDPOINT:$MINIO_PORT $ACCESS $SECRET" ;
      $MC_COMMAND ;
      STATUS=$? ;
      until [ $STATUS = 0 ]
      do
        ATTEMPTS=`expr $ATTEMPTS + 1` ;
        echo \"Failed attempts: $ATTEMPTS\" ;
        if [ $ATTEMPTS -gt $LIMIT ]; then
          exit 1 ;
        fi ;
        sleep 2 ; # 1 second intervals between attempts
        $MC_COMMAND ;
        STATUS=$? ;
      done ;
      set -e ; # reset `e` as active
      return 0
    }
    
    # checkBucketExists ($bucket)
    # Check if the bucket exists, by using the exit code of `mc ls`
    checkBucketExists() {
      BUCKET=$1
      CMD=$(${MC} ls myminio/$BUCKET > /dev/null 2>&1)
      return $?
    }
    
    # createBucket ($bucket, $policy, $purge)
    # Ensure bucket exists, purging if asked to
    createBucket() {
      BUCKET=$1
      POLICY=$2
      PURGE=$3
      VERSIONING=$4
    
      # Purge the bucket, if set & exists
      # Since PURGE is user input, check explicitly for `true`
      if [ $PURGE = true ]; then
        if checkBucketExists $BUCKET ; then
          echo "Purging bucket '$BUCKET'."
          set +e ; # don't exit if this fails
          ${MC} rm -r --force myminio/$BUCKET
          set -e ; # reset `e` as active
        else
          echo "Bucket '$BUCKET' does not exist, skipping purge."
        fi
      fi
    
      # Create the bucket if it does not exist
      if ! checkBucketExists $BUCKET ; then
        echo "Creating bucket '$BUCKET'"
        ${MC} mb myminio/$BUCKET
      else
        echo "Bucket '$BUCKET' already exists."
      fi
    
    
      # set versioning for bucket
      if [ ! -z $VERSIONING ] ; then
        if [ $VERSIONING = true ] ; then
            echo "Enabling versioning for '$BUCKET'"
            ${MC} version enable myminio/$BUCKET
        elif [ $VERSIONING = false ] ; then
            echo "Suspending versioning for '$BUCKET'"
            ${MC} version suspend myminio/$BUCKET
        fi
      else
          echo "Bucket '$BUCKET' versioning unchanged."
      fi
    
      # At this point, the bucket should exist, skip checking for existence
      # Set policy on the bucket
      echo "Setting policy of bucket '$BUCKET' to '$POLICY'."
      ${MC} policy set $POLICY myminio/$BUCKET
    }
    
    # Try connecting to MinIO instance
    scheme=http
    connectToMinio $scheme
    
    
    
  add-user: |-
    #!/bin/sh
    set -e ; # Have script exit in the event of a failed command.
    MC_CONFIG_DIR="/etc/minio/mc/"
    MC="/usr/bin/mc --insecure --config-dir ${MC_CONFIG_DIR}"
    
    # connectToMinio
    # Use a check-sleep-check loop to wait for MinIO service to be available
    connectToMinio() {
      SCHEME=$1
      ATTEMPTS=0 ; LIMIT=29 ; # Allow 30 attempts
      set -e ; # fail if we can't read the keys.
      ACCESS=$(cat /config/rootUser) ; SECRET=$(cat /config/rootPassword) ;
      set +e ; # The connections to minio are allowed to fail.
      echo "Connecting to MinIO server: $SCHEME://$MINIO_ENDPOINT:$MINIO_PORT" ;
      MC_COMMAND="${MC} alias set myminio $SCHEME://$MINIO_ENDPOINT:$MINIO_PORT $ACCESS $SECRET" ;
      $MC_COMMAND ;
      STATUS=$? ;
      until [ $STATUS = 0 ]
      do
        ATTEMPTS=`expr $ATTEMPTS + 1` ;
        echo \"Failed attempts: $ATTEMPTS\" ;
        if [ $ATTEMPTS -gt $LIMIT ]; then
          exit 1 ;
        fi ;
        sleep 2 ; # 1 second intervals between attempts
        $MC_COMMAND ;
        STATUS=$? ;
      done ;
      set -e ; # reset `e` as active
      return 0
    }
    
    # checkUserExists ($username)
    # Check if the user exists, by using the exit code of `mc admin user info`
    checkUserExists() {
      USER=$1
      CMD=$(${MC} admin user info myminio $USER > /dev/null 2>&1)
      return $?
    }
    
    # createUser ($username, $password, $policy)
    createUser() {
      USER=$1
      PASS=$2
      POLICY=$3
    
      # Create the user if it does not exist
      if ! checkUserExists $USER ; then
        echo "Creating user '$USER'"
        ${MC} admin user add myminio $USER $PASS
      else
        echo "User '$USER' already exists."
      fi
    
    
      # set policy for user
      if [ ! -z $POLICY -a $POLICY != " " ] ; then
          echo "Adding policy '$POLICY' for '$USER'"
          ${MC} admin policy set myminio $POLICY user=$USER
      else
          echo "User '$USER' has no policy attached."
      fi
    }
    
    # Try connecting to MinIO instance
    scheme=http
    connectToMinio $scheme
    
    
    
    # Create the users
    createUser console console123 consoleAdmin
    
  add-policy: |-
    #!/bin/sh
    set -e ; # Have script exit in the event of a failed command.
    MC_CONFIG_DIR="/etc/minio/mc/"
    MC="/usr/bin/mc --insecure --config-dir ${MC_CONFIG_DIR}"
    
    # connectToMinio
    # Use a check-sleep-check loop to wait for MinIO service to be available
    connectToMinio() {
      SCHEME=$1
      ATTEMPTS=0 ; LIMIT=29 ; # Allow 30 attempts
      set -e ; # fail if we can't read the keys.
      ACCESS=$(cat /config/rootUser) ; SECRET=$(cat /config/rootPassword) ;
      set +e ; # The connections to minio are allowed to fail.
      echo "Connecting to MinIO server: $SCHEME://$MINIO_ENDPOINT:$MINIO_PORT" ;
      MC_COMMAND="${MC} alias set myminio $SCHEME://$MINIO_ENDPOINT:$MINIO_PORT $ACCESS $SECRET" ;
      $MC_COMMAND ;
      STATUS=$? ;
      until [ $STATUS = 0 ]
      do
        ATTEMPTS=`expr $ATTEMPTS + 1` ;
        echo \"Failed attempts: $ATTEMPTS\" ;
        if [ $ATTEMPTS -gt $LIMIT ]; then
          exit 1 ;
        fi ;
        sleep 2 ; # 1 second intervals between attempts
        $MC_COMMAND ;
        STATUS=$? ;
      done ;
      set -e ; # reset `e` as active
      return 0
    }
    
    # checkPolicyExists ($policy)
    # Check if the policy exists, by using the exit code of `mc admin policy info`
    checkPolicyExists() {
      POLICY=$1
      CMD=$(${MC} admin policy info myminio $POLICY > /dev/null 2>&1)
      return $?
    }
    
    # createPolicy($name, $filename)
    createPolicy () {
      NAME=$1
      FILENAME=$2
    
      # Create the name if it does not exist
      echo "Checking policy: $NAME (in /config/$FILENAME.json)"
      if ! checkPolicyExists $NAME ; then
        echo "Creating policy '$NAME'"
      else
        echo "Policy '$NAME' already exists."
      fi
      ${MC} admin policy add myminio $NAME /config/$FILENAME.json
    
    }
    
    # Try connecting to MinIO instance
    scheme=http
    connectToMinio $scheme
    
    
  custom-command: |-
    #!/bin/sh
    set -e ; # Have script exit in the event of a failed command.
    MC_CONFIG_DIR="/etc/minio/mc/"
    MC="/usr/bin/mc --insecure --config-dir ${MC_CONFIG_DIR}"
    
    # connectToMinio
    # Use a check-sleep-check loop to wait for MinIO service to be available
    connectToMinio() {
      SCHEME=$1
      ATTEMPTS=0 ; LIMIT=29 ; # Allow 30 attempts
      set -e ; # fail if we can't read the keys.
      ACCESS=$(cat /config/rootUser) ; SECRET=$(cat /config/rootPassword) ;
      set +e ; # The connections to minio are allowed to fail.
      echo "Connecting to MinIO server: $SCHEME://$MINIO_ENDPOINT:$MINIO_PORT" ;
      MC_COMMAND="${MC} alias set myminio $SCHEME://$MINIO_ENDPOINT:$MINIO_PORT $ACCESS $SECRET" ;
      $MC_COMMAND ;
      STATUS=$? ;
      until [ $STATUS = 0 ]
      do
        ATTEMPTS=`expr $ATTEMPTS + 1` ;
        echo \"Failed attempts: $ATTEMPTS\" ;
        if [ $ATTEMPTS -gt $LIMIT ]; then
          exit 1 ;
        fi ;
        sleep 2 ; # 1 second intervals between attempts
        $MC_COMMAND ;
        STATUS=$? ;
      done ;
      set -e ; # reset `e` as active
      return 0
    }
    
    # runCommand ($@)
    # Run custom mc command
    runCommand() {
      ${MC} "$@"
      return $?
    }
    
    # Try connecting to MinIO instance
    scheme=http
    connectToMinio $scheme
---
# Source: minio/templates/configmap.yaml
apiVersion: v1
kind: ConfigMap
metadata:
  name: RELEASE-NAME-minio
  labels:
    app: minio
    chart: minio-8.0.10
    release: RELEASE-NAME
    heritage: Helm
data:
  initialize: |-
    #!/bin/sh
    set -e ; # Have script exit in the event of a failed command.
    MC_CONFIG_DIR="/etc/minio/mc/"
    MC="/usr/bin/mc --insecure --config-dir ${MC_CONFIG_DIR}"
    
    # connectToMinio
    # Use a check-sleep-check loop to wait for Minio service to be available
    connectToMinio() {
      SCHEME=$1
      ATTEMPTS=0 ; LIMIT=29 ; # Allow 30 attempts
      set -e ; # fail if we can't read the keys.
      ACCESS=$(cat /config/accesskey) ; SECRET=$(cat /config/secretkey) ;
      set +e ; # The connections to minio are allowed to fail.
      echo "Connecting to Minio server: $SCHEME://$MINIO_ENDPOINT:$MINIO_PORT" ;
      MC_COMMAND="${MC} config host add myminio $SCHEME://$MINIO_ENDPOINT:$MINIO_PORT $ACCESS $SECRET" ;
      $MC_COMMAND ;
      STATUS=$? ;
      until [ $STATUS = 0 ]
      do
        ATTEMPTS=`expr $ATTEMPTS + 1` ;
        echo \"Failed attempts: $ATTEMPTS\" ;
        if [ $ATTEMPTS -gt $LIMIT ]; then
          exit 1 ;
        fi ;
        sleep 2 ; # 1 second intervals between attempts
        $MC_COMMAND ;
        STATUS=$? ;
      done ;
      set -e ; # reset `e` as active
      return 0
    }
    
    # checkBucketExists ($bucket)
    # Check if the bucket exists, by using the exit code of `mc ls`
    checkBucketExists() {
      BUCKET=$1
      CMD=$(${MC} ls myminio/$BUCKET > /dev/null 2>&1)
      return $?
    }
    
    # createBucket ($bucket, $policy, $purge)
    # Ensure bucket exists, purging if asked to
    createBucket() {
      BUCKET=$1
      POLICY=$2
      PURGE=$3
      VERSIONING=$4
    
      # Purge the bucket, if set & exists
      # Since PURGE is user input, check explicitly for `true`
      if [ $PURGE = true ]; then
        if checkBucketExists $BUCKET ; then
          echo "Purging bucket '$BUCKET'."
          set +e ; # don't exit if this fails
          ${MC} rm -r --force myminio/$BUCKET
          set -e ; # reset `e` as active
        else
          echo "Bucket '$BUCKET' does not exist, skipping purge."
        fi
      fi
    
      # Create the bucket if it does not exist
      if ! checkBucketExists $BUCKET ; then
        echo "Creating bucket '$BUCKET'"
        ${MC} mb myminio/$BUCKET
      else
        echo "Bucket '$BUCKET' already exists."
      fi
    
    
      # set versioning for bucket
      if [ ! -z $VERSIONING ] ; then
        if [ $VERSIONING = true ] ; then
            echo "Enabling versioning for '$BUCKET'"
            ${MC} version enable myminio/$BUCKET
        elif [ $VERSIONING = false ] ; then
            echo "Suspending versioning for '$BUCKET'"
            ${MC} version suspend myminio/$BUCKET
        fi
      else
          echo "Bucket '$BUCKET' versioning unchanged."
      fi
    
      # At this point, the bucket should exist, skip checking for existence
      # Set policy on the bucket
      echo "Setting policy of bucket '$BUCKET' to '$POLICY'."
      ${MC} policy set $POLICY myminio/$BUCKET
    }
    
    # Try connecting to Minio instance
    scheme=http
    connectToMinio $scheme
---
# Source: minio/templates/pvc.yaml
apiVersion: v1
kind: PersistentVolumeClaim
metadata:
  name: RELEASE-NAME-minio
  labels:
    app: minio
    chart: minio-8.0.10
    release: RELEASE-NAME
    heritage: Helm
spec:
  accessModes:
    - "ReadWriteOnce"
  resources:
    requests:
      storage: "500Gi"
---
# Source: minio/templates/post-install-prometheus-metrics-role.yaml
apiVersion: rbac.authorization.k8s.io/v1
kind: Role
metadata:
  name: RELEASE-NAME-minio-update-prometheus-secret
  labels:
    app: minio-update-prometheus-secret
    chart: minio-8.0.10
    release: RELEASE-NAME
    heritage: Helm
rules:
  - apiGroups:
      - ""
    resources:
      - secrets
    verbs:
      - get
      - create
      - update
      - patch
    resourceNames:
      - RELEASE-NAME-minio-prometheus
  - apiGroups:
      - ""
    resources:
      - secrets
    verbs:
      - create
  - apiGroups:
      - monitoring.coreos.com
    resources:
      - servicemonitors
    verbs:
      - get
    resourceNames:
      - RELEASE-NAME-minio
---
# Source: minio/templates/post-install-prometheus-metrics-rolebinding.yaml
apiVersion: rbac.authorization.k8s.io/v1
kind: RoleBinding
metadata:
  name: RELEASE-NAME-minio-update-prometheus-secret
  labels:
    app: minio-update-prometheus-secret
    chart: minio-8.0.10
    release: RELEASE-NAME
    heritage: Helm
roleRef:
  apiGroup: rbac.authorization.k8s.io
  kind: Role
  name: RELEASE-NAME-minio-update-prometheus-secret
subjects:
  - kind: ServiceAccount
    name: RELEASE-NAME-minio-update-prometheus-secret
    namespace: "default"
---
# Source: minio/charts/minio/templates/console-service.yaml
apiVersion: v1
kind: Service
metadata:
  name: RELEASE-NAME-minio-console
  namespace: "default"
  labels:
    app: minio
    chart: minio-3.6.5
    release: RELEASE-NAME
    heritage: Helm
spec:
  type: ClusterIP
  ports:
    - name: http
      port: 9001
      protocol: TCP
      targetPort: 9001
  selector:
    app: minio
    release: RELEASE-NAME
---
# Source: minio/charts/minio/templates/service.yaml
apiVersion: v1
kind: Service
metadata:
  name: RELEASE-NAME-minio
  namespace: "default"
  labels:
    app: minio
    chart: minio-3.6.5
    release: RELEASE-NAME
    heritage: Helm
    monitoring: "true"
spec:
  type: ClusterIP
  ports:
    - name: http
      port: 9000
      protocol: TCP
      targetPort: 9000
  selector:
    app: minio
    release: RELEASE-NAME
---
# Source: minio/charts/minio/templates/statefulset.yaml
apiVersion: v1
kind: Service
metadata:
  name: RELEASE-NAME-minio-svc
  namespace: "default"
  labels:
    app: minio
    chart: minio-3.6.5
    release: "RELEASE-NAME"
    heritage: "Helm"
spec:
  publishNotReadyAddresses: true
  clusterIP: None
  ports:
    - name: http
      port: 9000
      protocol: TCP
  selector:
    app: minio
    release: RELEASE-NAME
---
# Source: minio/templates/service.yaml
apiVersion: v1
kind: Service
metadata:
  name: RELEASE-NAME-minio
  labels:
    app: minio
    chart: minio-8.0.10
    release: RELEASE-NAME
    heritage: Helm
spec:
  type: ClusterIP
  ports:
    - name: http
      port: 9000
      protocol: TCP
      targetPort: 9000
  selector:
    app: minio
    release: RELEASE-NAME
---
# Source: minio/templates/deployment.yaml
apiVersion: apps/v1
kind: Deployment
metadata:
  name: RELEASE-NAME-minio
  labels:
    app: minio
    chart: minio-8.0.10
    release: RELEASE-NAME
    heritage: Helm
spec:
  strategy:
    type: RollingUpdate
    rollingUpdate:
      maxSurge: 100%
      maxUnavailable: 0
  selector:
    matchLabels:
      app: minio
      release: RELEASE-NAME
  template:
    metadata:
      name: RELEASE-NAME-minio
      labels:
        app: minio
        release: RELEASE-NAME
      annotations:
        checksum/secrets: dcca1b2d5b6e8a71a9f6c3a401e5dbd08d42250a4d8fc76e490d7ded152016d4
        checksum/config: 305961359a280f29a61c9ece125cf780317c37427c9d4936f8b438670df2ecd5
    spec:
      serviceAccountName: "RELEASE-NAME-minio"
      securityContext:
        runAsUser: 1000
        runAsGroup: 1000
        fsGroup: 1000
        fsGroupChangePolicy: OnRootMismatch
      containers:
        - name: minio
          image: "minio/minio:RELEASE.2021-02-14T04-01-33Z"
          imagePullPolicy: IfNotPresent
          command:
            - "/bin/sh"
            - "-ce"
            - "/usr/bin/docker-entrypoint.sh minio -S /etc/minio/certs/ server /export"
          volumeMounts:
            - name: export
              mountPath: /export            
          ports:
            - name: http
              containerPort: 9000
          env:
            - name: MINIO_ACCESS_KEY
              valueFrom:
                secretKeyRef:
                  name: RELEASE-NAME-minio
                  key: accesskey
            - name: MINIO_SECRET_KEY
              valueFrom:
                secretKeyRef:
                  name: RELEASE-NAME-minio
                  key: secretkey
          resources:
            requests:
              memory: 4Gi      
      volumes:
        - name: export
          persistentVolumeClaim:
            claimName: RELEASE-NAME-minio
        - name: minio-user
          secret:
            secretName: RELEASE-NAME-minio
---
# Source: minio/charts/minio/templates/statefulset.yaml
apiVersion: apps/v1
kind: StatefulSet
metadata:
  name: RELEASE-NAME-minio
  namespace: "default"
  labels:
    app: minio
    chart: minio-3.6.5
    release: RELEASE-NAME
    heritage: Helm
spec:
  updateStrategy:
    type: RollingUpdate
  podManagementPolicy: "Parallel"
  serviceName: RELEASE-NAME-minio-svc
  replicas: 16
  selector:
    matchLabels:
      app: minio
      release: RELEASE-NAME
  template:
    metadata:
      name: RELEASE-NAME-minio
      labels:
        app: minio
        release: RELEASE-NAME
      annotations:
        checksum/secrets: 2c87a10ba4a3bad1191aa105fb6e6e7e9a4a6098e40dd56075f098dc70afc6b9
        checksum/config: 70b3ea526f8fe23a7116f2fc81972b3bcda4b6a58e72a98c92a71fedbd4b926b
    spec:
      securityContext:
        runAsUser: 1000
        runAsGroup: 1000
        fsGroup: 1000
        fsGroupChangePolicy: OnRootMismatch

      serviceAccountName: minio-sa
      containers:
        - name: minio
          image: quay.io/minio/minio:RELEASE.2022-04-09T15-09-52Z
          imagePullPolicy: IfNotPresent

          command: [ "/bin/sh",
            "-ce",
            "/usr/bin/docker-entrypoint.sh minio server  http://RELEASE-NAME-minio-{0...15}.RELEASE-NAME-minio-svc.default.svc.cluster.local/export -S /etc/minio/certs/ --address :9000 --console-address :9001" ]
          volumeMounts:
            - name: export
              mountPath: /export            
          ports:
            - name: http
              containerPort: 9000
            - name: http-console
              containerPort: 9001
          env:
            - name: MINIO_ROOT_USER
              valueFrom:
                secretKeyRef:
                  name: RELEASE-NAME-minio
                  key: rootUser
            - name: MINIO_ROOT_PASSWORD
              valueFrom:
                secretKeyRef:
                  name: RELEASE-NAME-minio
                  key: rootPassword
            - name: MINIO_PROMETHEUS_AUTH_TYPE
              value: "public"
          resources:
            requests:
              memory: 16Gi      
      volumes:
        - name: minio-user
          secret:
            secretName: RELEASE-NAME-minio        
  volumeClaimTemplates:
    - metadata:
        name: export
      spec:
        accessModes: [ "ReadWriteOnce" ]
        resources:
          requests:
            storage: 500Gi
---
# Source: minio/charts/minio/templates/post-install-create-user-job.yaml
apiVersion: batch/v1
kind: Job
metadata:
  name: RELEASE-NAME-minio-make-user-job
  namespace: "default"
  labels:
    app: minio-make-user-job
    chart: minio-3.6.5
    release: RELEASE-NAME
    heritage: Helm
  annotations:
    "helm.sh/hook": post-install,post-upgrade
    "helm.sh/hook-delete-policy": hook-succeeded,before-hook-creation
spec:
  template:
    metadata:
      labels:
        app: minio-job
        release: RELEASE-NAME
    spec:
      restartPolicy: OnFailure      
      volumes:
        - name: minio-configuration
          projected:
            sources:
            - configMap:
                name: RELEASE-NAME-minio
            - secret:
                name: RELEASE-NAME-minio
      containers:
      - name: minio-mc
        image: "quay.io/minio/mc:RELEASE.2022-04-07T21-43-27Z"
        imagePullPolicy: IfNotPresent
        command: ["/bin/sh", "/config/add-user"]
        env:
          - name: MINIO_ENDPOINT
            value: RELEASE-NAME-minio
          - name: MINIO_PORT
            value: "9000"
        volumeMounts:
          - name: minio-configuration
            mountPath: /config
        resources:
          requests:
            memory: 128Mi
